<?xml version="1.0" encoding="utf-8"?><testsuites name="pytest tests"><testsuite name="pytest" errors="0" failures="0" skipped="0" tests="4" time="2.275" timestamp="2025-07-24T00:46:49.681994+00:00" hostname="551d828f3e49"><testcase classname="tests.test_compliance_metrics_updater" name="test_compliance_metrics_updater" time="0.036" /><testcase classname="tests.test_cross_reference_validator" name="test_cross_reference_validator_updates_dashboard" time="0.037" /><testcase classname="tests.test_documentation_db_analyzer_new" name="test_audit_placeholders" time="0.020" /><testcase classname="tests.test_documentation_db_analyzer_new" name="test_rollback_cleanup" time="0.019" /></testsuite></testsuites>